Microchip Technology Inc, v1.40 (A)

Tool Name:
  c:\program files (x86)\microchip\xc16\v1.40\bin\bin\..\bin/elf-ld.exe

Command:
  -p24FJ64GB002 \
  -o \
  dist/default/production/PIC24_FieldShapeBox2_20200109.X.production.elf \
  -Lc:/program files (x86)/microchip/xc16/v1.40/bin/bin/.. \
  -Lc:/program files (x86)/microchip/xc16/v1.40/bin/bin/../../lib \
  -Lc:/program files (x86)/microchip/xc16/v1.40/bin/bin/../../support/PIC24E/gld \
  -Lc:/program files (x86)/microchip/xc16/v1.40/bin/bin/../../support/PIC24F/gld \
  -Lc:/program files (x86)/microchip/xc16/v1.40/bin/bin/../../support/PIC24H/gld \
  -Lc:/program files (x86)/microchip/xc16/v1.40/bin/bin/../../support/dsPIC30F/gld \
  -Lc:/program files (x86)/microchip/xc16/v1.40/bin/bin/../../support/dsPIC33C/gld \
  -Lc:/program files (x86)/microchip/xc16/v1.40/bin/bin/../../support/dsPIC33E/gld \
  -Lc:/program files (x86)/microchip/xc16/v1.40/bin/bin/../../support/dsPIC33F/gld \
  build/default/production/mcc_generated_files/pin_manager.o \
  build/default/production/mcc_generated_files/traps.o \
  build/default/production/mcc_generated_files/interrupt_manager.o \
  build/default/production/mcc_generated_files/mcc.o \
  build/default/production/mcc_generated_files/uart1.o \
  build/default/production/mcc_generated_files/uart2.o \
  build/default/production/mcc_generated_files/tmr1.o \
  build/default/production/mcc_generated_files/tmr2.o \
  build/default/production/mcc_generated_files/ic1.o \
  build/default/production/mcc_generated_files/i2c1.o \
  build/default/production/main.o \
  build/default/production/XBee_Command.o \
  build/default/production/RTCM_Recv.o \
  build/default/production/FieldShape.o \
  build/default/production/switch.o \
  build/default/production/led.o \
  --defsym=__MPLAB_BUILD=1 \
  -Tp24FJ64GB002.gld.00 \
  --stack=16 \
  --check-sections \
  --data-init \
  --pack-data \
  --handles \
  --isr \
  --no-gc-sections \
  --fill-upper=0 \
  --stackguard=16 \
  --no-force-link \
  --smart-io \
  -Map=dist/default/production/PIC24_FieldShapeBox2_20200109.X.production.map \
  --report-mem \
  --memorysummary \
  dist/default/production/memoryfile.xml \
  -start-group \
  --library=lega-pic30-elf \
  --library=m-elf \
  --library=lega-c-elf \
  -end-group \


Optional library libpPIC24Fxxx.a not found
Archive member included because of file (symbol)

c:/program files (x86)/microchip/xc16/v1.40/bin/bin/../../lib\liblega-pic30-elf.a(crt0_standard.o)
                              (__resetPRI)
c:/program files (x86)/microchip/xc16/v1.40/bin/bin/../../lib\liblega-pic30-elf.a(data_init_standard.o)
                              c:/program files (x86)/microchip/xc16/v1.40/bin/bin/../../lib\liblega-pic30-elf.a(crt0_standard.o) (__data_init_standard)
c:/program files (x86)/microchip/xc16/v1.40/bin/bin/../../lib\liblega-pic30-elf.a(crt_start_mode_normal.Leo)
                              (__crt_start_mode_normal)
c:/program files (x86)/microchip/xc16/v1.40/bin/bin/../../lib\liblega-pic30-elf.a(delay32.Leo)
                              build/default/production/main.o (___delay32)
c:/program files (x86)/microchip/xc16/v1.40/bin/bin/../../lib\liblega-c-elf.a(memcpy.XX_eo)
                              build/default/production/XBee_Command.o (_memcpy)


xc16-ld 1.40 (A)

Default Code Model: Small
Default Data Model: Large
Default Scalar Model: Small

"program" Memory  [Origin = 0x200, Length = 0xa9f8]

section                    address   length (PC units)   length (bytes) (dec)
-------                    -------   -----------------   --------------------
.text                        0x200               0x520           0x7b0  (1968)
.const                       0x720                 0x8             0xc  (12)
.text                        0x728              0x1178          0x1a34  (6708)
.dinit                      0x18a0                0x80            0xc0  (192)
.text                       0x1920                0xe2           0x153  (339)
.init.delay32               0x1a02                0x1c            0x2a  (42)
.text                       0x1a1e                0x16            0x21  (33)

                 Total "program" memory used (bytes):         0x244e  (9294) 14%


"data" Memory  [Origin = 0x800, Length = 0x2000]

section                    address      alignment gaps    total length  (dec)
-------                    -------      --------------    -------------------
.nbss                        0x800                   0            0x32  (50)
.ndata                       0x832                   0             0x6  (6)
.nbss                        0x838                   0             0x4  (4)
.bss                         0x83c                   0           0x438  (1080)

                 Total "data" memory used (bytes):          0x474  (1140) 13%


Dynamic Memory Usage

region                     address                      maximum length  (dec)
------                     -------                      ---------------------
[...]
Memory Configuration

Name             Origin             Length             Attributes
data             0x000800           0x002000           a !xr
reset            0x000000           0x000004  
ivt              0x000004           0x0000fc  
_reserved        0x000100           0x000004  
aivt             0x000104           0x0000fc  
program          0x000200           0x00a9f8           xr
CONFIG4          0x00abf8           0x000002  
CONFIG3          0x00abfa           0x000002  
CONFIG2          0x00abfc           0x000002  
CONFIG1          0x00abfe           0x000002  
*default*        0x000000           0xffffffff  

Linker script and memory map

LOAD build/default/production/mcc_generated_files/pin_manager.o
LOAD build/default/production/mcc_generated_files/traps.o
LOAD build/default/production/mcc_generated_files/interrupt_manager.o
LOAD build/default/production/mcc_generated_files/mcc.o
LOAD build/default/production/mcc_generated_files/uart1.o
LOAD build/default/production/mcc_generated_files/uart2.o
LOAD build/default/production/mcc_generated_files/tmr1.o
LOAD build/default/production/mcc_generated_files/tmr2.o
LOAD build/default/production/mcc_generated_files/ic1.o
LOAD build/default/production/mcc_generated_files/i2c1.o
LOAD build/default/production/main.o
LOAD build/default/production/XBee_Command.o
LOAD build/default/production/RTCM_Recv.o
LOAD build/default/production/FieldShape.o
LOAD build/default/production/switch.o
LOAD build/default/production/led.o
                    0x0001                  __MPLAB_BUILD = 0x1
LOAD pPIC24Fxxx
LOAD c:/program files (x86)/microchip/xc16/v1.40/bin/bin/../../lib\libfx-elf.a
                    0xabf8                  __CONFIG4 = 0xabf8
                    0xabfa                  __CONFIG3 = 0xabfa
                    0xabfc                  __CONFIG2 = 0xabfc
                    0xabfe                  __CONFIG1 = 0xabfe
                    0x0001                  __NO_HANDLES = 0x1
                    0x0200                  __CODE_BASE = 0x200
                    0xa9f8                  __CODE_LENGTH = 0xa9f8
                    0x0004                  __IVT_BASE = 0x4
                    0x0104                  __AIVT_BASE = 0x104
                    0x0800                  __DATA_BASE = 0x800
                    0x2000                  __DATA_LENGTH = 0x2000

.reset            0x000000          0x4
                  0x000000          0x2 SHORT 0x200 ABSOLUTE (__reset)
                  0x000001          0x2 SHORT 0x4
                  0x000002          0x2 SHORT 0x0 ((ABSOLUTE (__reset) >> 0x10) & 0x7f)
                  0x000003          0x2 SHORT 0x0

.text             0x000200        0x520
 *(.init)
 .init            0x000200         0x4c c:/program files (x86)/microchip/xc16/v1.40/bin/bin/../../lib\liblega-pic30-elf.a(crt0_standard.o)
                  0x000200                  __resetPRI
                  0x000200                  __reset
                  0x00023c                  __psv_init
 .init            0x00024c         0x7c c:/program files (x86)/microchip/xc16/v1.40/bin/bin/../../lib\liblega-pic30-elf.a(data_init_standard.o)
                  0x000252                  __data_init_standard
                  0x000252                  __data_init
 *(.user_init)
 *(.handle)
 *(.isr*)
 .isr.text        0x0002c8         0x22 build/default/production/mcc_generated_files/traps.o
                  0x0002c8                  __OscillatorFail
                  0x0002d0                  __StackError
                  0x0002da                  __AddressError
                  0x0002e2                  __MathError
 .isr.text        0x0002ea         0xc4 build/default/production/mcc_generated_files/uart1.o
                  0x0002ea                  __U1TXInterrupt
                  0x000340                  __U1RXInterrupt
                  0x000398                  __U1ErrInterrupt
 .isr.text        0x0003ae         0xb2 build/default/production/mcc_generated_files/uart2.o
                  0x0003ae                  __U2TXInterrupt
                  0x000404                  __U2RXInterrupt
                  0x00044a                  __U2ErrInterrupt
 .isr.text        0x000460         0x2e build/default/production/mcc_generated_files/tmr1.o
                  0x000460                  __T1Interrupt
 .isr.text        0x00048e         0x2e build/default/production/mcc_generated_files/tmr2.o
                  0x00048e                  __T2Interrupt
 .isr.text        0x0004bc        0x250 build/default/production/mcc_generated_files/i2c1.o
                  0x0004bc                  __MI2C1Interrupt
 .isr             0x00070c          0x4 default_isr
                  0x00070c                  __DefaultInterrupt
 *(.libc)
 *(.libm)
 *(.libdsp)
 *(.lib*)
 .libpic30_crt_start_mode
                  0x000710          0x2 c:/program files (x86)/microchip/xc16/v1.40/bin/bin/../../lib\liblega-pic30-elf.a(crt_start_mode_normal.Leo)
                  0x000710                  __crt_start_mode
                  0x000710                  __crt_start_mode_normal
 .libc.memcpy     0x000712          0xe c:/program files (x86)/microchip/xc16/v1.40/bin/bin/../../lib\liblega-c-elf.a(memcpy.XX_eo)
                  0x000712                  _memcpy

usercode
 *(usercode)

__CONFIG4
 *(__CONFIG4.sec*)

__CONFIG3
 *(__CONFIG3.sec*)

__CONFIG2
 *(__CONFIG2.sec*)

__CONFIG1
 *(__CONFIG1.sec*)

.comment
 *(.comment)

.debug_info       0x000000       0x818c
 *(.debug_info)
 .debug_info      0x000000        0xb7f build/default/production/mcc_generated_files/pin_manager.o
 .debug_info      0x000b7f        0x3b6 build/default/production/mcc_generated_files/traps.o
 .debug_info      0x000f35        0xd98 build/default/production/mcc_generated_files/interrupt_manager.o
 .debug_info      0x001ccd        0x240 build/default/production/mcc_generated_files/mcc.o
 .debug_info      0x001f0d        0xf5f build/default/production/mcc_generated_files/uart1.o
 .debug_info      0x002e6c        0xf47 build/default/production/mcc_generated_files/uart2.o
 .debug_info      0x003db3        0x7c8 build/default/production/mcc_generated_files/tmr1.o
 .debug_info      0x00457b        0x7c6 build/default/production/mcc_generated_files/tmr2.o
 .debug_info      0x004d41        0x76c build/default/production/mcc_generated_files/ic1.o
 .debug_info      0x0054ad        0xffb build/default/production/mcc_generated_files/i2c1.o
 .debug_info      0x0064a8        0x75a build/default/production/main.o
 .debug_info      0x006c02        0x5d4 build/default/production/XBee_Command.o
 .debug_info      0x0071d6        0x276 build/default/production/RTCM_Recv.o
 .debug_info      0x00744c        0x3d3 build/default/production/FieldShape.o
 .debug_info      0x00781f        0x479 build/default/production/switch.o
 .debug_info      0x007c98        0x4f4 build/default/production/led.o
 *(.gnu.linkonce.wi.*)

.debug_abbrev     0x000000       0x12f1
 *(.debug_abbrev)
 .debug_abbrev    0x000000         0xd6 build/default/production/mcc_generated_files/pin_manager.o
 .debug_abbrev    0x0000d6        0x100 build/default/production/mcc_generated_files/traps.o
 .debug_abbrev    0x0001d6         0xb4 build/default/production/mcc_generated_files/interrupt_manager.o
 .debug_abbrev    0x00028a         0x59 build/default/production/mcc_generated_files/mcc.o
 .debug_abbrev    0x0002e3        0x20a build/default/production/mcc_generated_files/uart1.o
 .debug_abbrev    0x0004ed        0x1f9 build/default/production/mcc_generated_files/uart2.o
 .debug_abbrev    0x0006e6        0x181 build/default/production/mcc_generated_files/tmr1.o
 .debug_abbrev    0x000867        0x181 build/default/production/mcc_generated_files/tmr2.o
 .debug_abbrev    0x0009e8        0x120 build/default/production/mcc_generated_files/ic1.o
 .debug_abbrev    0x000b08        0x221 build/default/production/mcc_generated_files/i2c1.o
 .debug_abbrev    0x000d29         0xed build/default/production/main.o
 .debug_abbrev    0x000e16        0x12c build/default/production/XBee_Command.o
 .debug_abbrev    0x000f42         0xc8 build/default/production/RTCM_Recv.o
 .debug_abbrev    0x00100a         0xd1 build/default/production/FieldShape.o
 .debug_abbrev    0x0010db        0x10c build/default/production/switch.o
 .debug_abbrev    0x0011e7        0x10a build/default/production/led.o

.debug_line       0x000000       0x13cc
 *(.debug_line)
 .debug_line      0x000000        0x116 build/default/production/mcc_generated_files/pin_manager.o
 .debug_line      0x000116        0x12a build/default/production/mcc_generated_files/traps.o
 .debug_line      0x000240        0x111 build/default/production/mcc_generated_files/interrupt_manager.o
 .debug_line      0x000351        0x109 build/default/production/mcc_generated_files/mcc.o
 .debug_line      0x00045a        0x1b8 build/default/production/mcc_generated_files/uart1.o
 .debug_line      0x000612        0x1b5 build/default/production/mcc_generated_files/uart2.o
 .debug_line      0x0007c7        0x13e build/default/production/mcc_generated_files/tmr1.o
 .debug_line      0x000905        0x13e build/default/production/mcc_generated_files/tmr2.o
 .debug_line      0x000a43        0x11d build/default/production/mcc_generated_files/ic1.o
 .debug_line      0x000b60        0x1ea build/default/production/mcc_generated_files/i2c1.o
 .debug_line      0x000d4a        0x139 build/default/production/main.o
 .debug_line      0x000e83        0x140 build/default/production/XBee_Command.o
 .debug_line      0x000fc3        0x108 build/default/production/RTCM_Recv.o
 .debug_line      0x0010cb         0xf4 build/default/production/FieldShape.o
 .debug_line      0x0011bf        0x104 build/default/production/switch.o
 .debug_line      0x0012c3        0x109 build/default/production/led.o

.debug_frame      0x000000        0xf64
 *(.debug_frame)
 .debug_frame     0x000000         0x30 build/default/production/mcc_generated_files/pin_manager.o
 .debug_frame     0x000030         0x80 build/default/production/mcc_generated_files/traps.o
 .debug_frame     0x0000b0         0x30 build/default/production/mcc_generated_files/interrupt_manager.o
 .debug_frame     0x0000e0         0x4c build/default/production/mcc_generated_files/mcc.o
 .debug_frame     0x00012c        0x22a build/default/production/mcc_generated_files/uart1.o
 .debug_frame     0x000356        0x20e build/default/production/mcc_generated_files/uart2.o
 .debug_frame     0x000564        0x188 build/default/production/mcc_generated_files/tmr1.o
 .debug_frame     0x0006ec        0x188 build/default/production/mcc_generated_files/tmr2.o
 .debug_frame     0x000874        0x12c build/default/production/mcc_generated_files/ic1.o
 .debug_frame     0x0009a0        0x188 build/default/production/mcc_generated_files/i2c1.o
 .debug_frame     0x000b28         0xa0 build/default/production/main.o
 .debug_frame     0x000bc8        0x138 build/default/production/XBee_Command.o
 .debug_frame     0x000d00         0x68 build/default/production/RTCM_Recv.o
 .debug_frame     0x000d68         0xf4 build/default/production/FieldShape.o
 .debug_frame     0x000e5c         0x84 build/default/production/switch.o
 .debug_frame     0x000ee0         0x84 build/default/production/led.o

.debug_str        0x000000        0x2b5
 *(.debug_str)
 .debug_str       0x000000         0x41 build/default/production/mcc_generated_files/pin_manager.o
 .debug_str       0x000041          0xc build/default/production/mcc_generated_files/traps.o
 .debug_str       0x00004d         0x40 build/default/production/mcc_generated_files/interrupt_manager.o
 .debug_str       0x00008d         0x30 build/default/production/mcc_generated_files/uart1.o
 .debug_str       0x0000bd         0x30 build/default/production/mcc_generated_files/uart2.o
 .debug_str       0x0000ed         0x1c build/default/production/mcc_generated_files/tmr1.o
 .debug_str       0x000109         0x1c build/default/production/mcc_generated_files/tmr2.o
 .debug_str       0x000125         0x21 build/default/production/mcc_generated_files/ic1.o
 .debug_str       0x000146         0x53 build/default/production/mcc_generated_files/i2c1.o
 .debug_str       0x000199         0x26 build/default/production/main.o
 .debug_str       0x0001bf         0x23 build/default/production/XBee_Command.o
 .debug_str       0x0001e2         0x26 build/default/production/RTCM_Recv.o
 .debug_str       0x000208         0x4d build/default/production/FieldShape.o
 .debug_str       0x000255         0x26 build/default/production/switch.o
 .debug_str       0x00027b         0x3a build/default/production/led.o

.debug_loc
 *(.debug_loc)

.debug_macinfo
 *(.debug_macinfo)

.debug_pubnames
                  0x000000        0xbe7
 *(.debug_pubnames)
 .debug_pubnames
                  0x000000         0x2d build/default/production/mcc_generated_files/pin_manager.o
 .debug_pubnames
                  0x00002d         0x6f build/default/production/mcc_generated_files/traps.o
 .debug_pubnames
                  0x00009c         0x2b build/default/production/mcc_generated_files/interrupt_manager.o
 .debug_pubnames
                  0x0000c7         0x42 build/default/production/mcc_generated_files/mcc.o
 .debug_pubnames
                  0x000109        0x195 build/default/production/mcc_generated_files/uart1.o
 .debug_pubnames
                  0x00029e        0x195 build/default/production/mcc_generated_files/uart2.o
 .debug_pubnames
                  0x000433        0x11f build/default/production/mcc_generated_files/tmr1.o
 .debug_pubnames
                  0x000552        0x11f build/default/production/mcc_generated_files/tmr2.o
 .debug_pubnames
                  0x000671         0xf3 build/default/production/mcc_generated_files/ic1.o
 .debug_pubnames
                  0x000764        0x103 build/default/production/mcc_generated_files/i2c1.o
 .debug_pubnames
                  0x000867         0x5b build/default/production/main.o
 .debug_pubnames
                  0x0008c2        0x105 build/default/production/XBee_Command.o
 .debug_pubnames
                  0x0009c7         0x82 build/default/production/RTCM_Recv.o
 .debug_pubnames
                  0x000a49         0xa7 build/default/production/FieldShape.o
 .debug_pubnames
                  0x000af0         0x7d build/default/production/switch.o
 .debug_pubnames
                  0x000b6d         0x7a build/default/production/led.o

.debug_ranges
 *(.debug_ranges)

.debug_aranges    0x000000        0x180
 *(.debug_aranges)
 .debug_aranges
                  0x000000         0x18 build/default/production/mcc_generated_files/pin_manager.o
 .debug_aranges
                  0x000018         0x18 build/default/production/mcc_generated_files/traps.o
 .debug_aranges
                  0x000030         0x18 build/default/production/mcc_generated_files/interrupt_manager.o
 .debug_aranges
                  0x000048         0x18 build/default/production/mcc_generated_files/mcc.o
 .debug_aranges
                  0x000060         0x18 build/default/production/mcc_generated_files/uart1.o
 .debug_aranges
                  0x000078         0x18 build/default/production/mcc_generated_files/uart2.o
 .debug_aranges
                  0x000090         0x18 build/default/production/mcc_generated_files/tmr1.o
 .debug_aranges
                  0x0000a8         0x18 build/default/production/mcc_generated_files/tmr2.o
 .debug_aranges
                  0x0000c0         0x18 build/default/production/mcc_generated_files/ic1.o
 .debug_aranges
                  0x0000d8         0x18 build/default/production/mcc_generated_files/i2c1.o
 .debug_aranges
                  0x0000f0         0x18 build/default/production/main.o
 .debug_aranges
                  0x000108         0x18 build/default/production/XBee_Command.o
 .debug_aranges
                  0x000120         0x18 build/default/production/RTCM_Recv.o
 .debug_aranges
                  0x000138         0x18 build/default/production/FieldShape.o
 .debug_aranges
                  0x000150         0x18 build/default/production/switch.o
 .debug_aranges
                  0x000168         0x18 build/default/production/led.o
                    0x0000                  WREG0 = 0x0
                    0x0000                  _WREG0 = 0x0
                    0x0002                  WREG1 = 0x2
                    0x0002                  _WREG1 = 0x2
                    0x0004                  WREG2 = 0x4
                    0x0004                  _WREG2 = 0x4
                    0x0006                  WREG3 = 0x6
                    0x0006                  _WREG3 = 0x6
                    0x0008                  WREG4 = 0x8
                    0x0008                  _WREG4 = 0x8
                    0x000a                  WREG5 = 0xa
                    0x000a                  _WREG5 = 0xa
                    0x000c                  WREG6 = 0xc
                    0x000c                  _WREG6 = 0xc
                    0x000e                  WREG7 = 0xe
                    0x000e                  _WREG7 = 0xe
                    0x0010                  WREG8 = 0x10
                    0x0010                  _WREG8 = 0x10
                    0x0012                  WREG9 = 0x12
                    0x0012                  _WREG9 = 0x12
                    0x0014                  WREG10 = 0x14
                    0x0014                  _WREG10 = 0x14
                    0x0016                  WREG11 = 0x16
                    0x0016                  _WREG11 = 0x16
                    0x0018                  WREG12 = 0x18
                    0x0018                  _WREG12 = 0x18
                    0x001a                  WREG13 = 0x1a
                    0x001a                  _WREG13 = 0x1a
                    0x001c                  WREG14 = 0x1c
                    0x001c                  _WREG14 = 0x1c
                    0x001e                  WREG15 = 0x1e
                    0x001e                  _WREG15 = 0x1e
                    0x0020                  SPLIM = 0x20
                    0x0020                  _SPLIM = 0x20
                    0x002e                  PCL = 0x2e
                    0x002e                  _PCL = 0x2e
                    0x0030                  PCH = 0x30
                    0x0030                  _PCH = 0x30
                    0x0032                  TBLPAG = 0x32
                    0x0032                  _TBLPAG = 0x32
                    0x0034                  PSVPAG = 0x34
                    0x0034                  _PSVPAG = 0x34
                    0x0036                  RCOUNT = 0x36
                    0x0036                  _RCOUNT = 0x36
                    0x0042                  SR = 0x42
                    0x0042                  _SR = 0x42
                    0x0042                  _SRbits = 0x42
                    0x0044                  CORCON = 0x44
                    0x0044                  _CORCON = 0x44
                    0x0044                  _CORCONbits = 0x44
                    0x0052                  DISICNT = 0x52
                    0x0052                  _DISICNT = 0x52
                    0x0060                  CNEN1 = 0x60
                    0x0060                  _CNEN1 = 0x60
                    0x0060                  _CNEN1bits = 0x60
                    0x0062                  CNEN2 = 0x62
                    0x0062                  _CNEN2 = 0x62
                    0x0062                  _CNEN2bits = 0x62
                    0x0068                  CNPU1 = 0x68
                    0x0068                  _CNPU1 = 0x68
                    0x0068                  _CNPU1bits = 0x68
                    0x006a                  CNPU2 = 0x6a
                    0x006a                  _CNPU2 = 0x6a
                    0x006a                  _CNPU2bits = 0x6a
                    0x0080                  INTCON1 = 0x80
                    0x0080                  _INTCON1 = 0x80
                    0x0080                  _INTCON1bits = 0x80
                    0x0082                  INTCON2 = 0x82
                    0x0082                  _INTCON2 = 0x82
                    0x0082                  _INTCON2bits = 0x82
                    0x0084                  IFS0 = 0x84
                    0x0084                  _IFS0 = 0x84
                    0x0084                  _IFS0bits = 0x84
                    0x0086                  IFS1 = 0x86
                    0x0086                  _IFS1 = 0x86
                    0x0086                  _IFS1bits = 0x86
                    0x0088                  IFS2 = 0x88
                    0x0088                  _IFS2 = 0x88
                    0x0088                  _IFS2bits = 0x88
                    0x008a                  IFS3 = 0x8a
                    0x008a                  _IFS3 = 0x8a
                    0x008a                  _IFS3bits = 0x8a
                    0x008c                  IFS4 = 0x8c
                    0x008c                  _IFS4 = 0x8c
                    0x008c                  _IFS4bits = 0x8c
                    0x008e                  IFS5 = 0x8e
                    0x008e                  _IFS5 = 0x8e
                    0x008e                  _IFS5bits = 0x8e
                    0x0094                  IEC0 = 0x94
                    0x0094                  _IEC0 = 0x94
                    0x0094                  _IEC0bits = 0x94
                    0x0096                  IEC1 = 0x96
                    0x0096                  _IEC1 = 0x96
                    0x0096                  _IEC1bits = 0x96
                    0x0098                  IEC2 = 0x98
                    0x0098                  _IEC2 = 0x98
                    0x0098                  _IEC2bits = 0x98
                    0x009a                  IEC3 = 0x9a
                    0x009a                  _IEC3 = 0x9a
                    0x009a                  _IEC3bits = 0x9a
                    0x009c                  IEC4 = 0x9c
                    0x009c                  _IEC4 = 0x9c
                    0x009c                  _IEC4bits = 0x9c
                    0x009e                  IEC5 = 0x9e
                    0x009e                  _IEC5 = 0x9e
                    0x009e                  _IEC5bits = 0x9e
                    0x00a4                  IPC0 = 0xa4
                    0x00a4                  _IPC0 = 0xa4
                    0x00a4                  _IPC0bits = 0xa4
                    0x00a6                  IPC1 = 0xa6
                    0x00a6                  _IPC1 = 0xa6
                    0x00a6                  _IPC1bits = 0xa6
                    0x00a8                  IPC2 = 0xa8
                    0x00a8                  _IPC2 = 0xa8
                    0x00a8                  _IPC2bits = 0xa8
                    0x00aa                  IPC3 = 0xaa
                    0x00aa                  _IPC3 = 0xaa
                    0x00aa                  _IPC3bits = 0xaa
                    0x00ac                  IPC4 = 0xac
                    0x00ac                  _IPC4 = 0xac
                    0x00ac                  _IPC4bits = 0xac
                    0x00ae                  IPC5 = 0xae
                    0x00ae                  _IPC5 = 0xae
                    0x00ae                  _IPC5bits = 0xae
                    0x00b0                  IPC6 = 0xb0
                    0x00b0                  _IPC6 = 0xb0
                    0x00b0                  _IPC6bits = 0xb0
                    0x00b2                  IPC7 = 0xb2
                    0x00b2                  _IPC7 = 0xb2
                    0x00b2                  _IPC7bits = 0xb2
                    0x00b4                  IPC8 = 0xb4
                    0x00b4                  _IPC8 = 0xb4
                    0x00b4                  _IPC8bits = 0xb4
                    0x00b6                  IPC9 = 0xb6
                    0x00b6                  _IPC9 = 0xb6
                    0x00b6                  _IPC9bits = 0xb6
                    0x00b8                  IPC10 = 0xb8
                    0x00b8                  _IPC10 = 0xb8
                    0x00b8                  _IPC10bits = 0xb8
                    0x00ba                  IPC11 = 0xba
                    0x00ba                  _IPC11 = 0xba
                    0x00ba                  _IPC11bits = 0xba
                    0x00bc                  IPC12 = 0xbc
                    0x00bc                  _IPC12 = 0xbc
                    0x00bc                  _IPC12bits = 0xbc
                    0x00c2                  IPC15 = 0xc2
                    0x00c2                  _IPC15 = 0xc2
                    0x00c2                  _IPC15bits = 0xc2
                    0x00c4                  IPC16 = 0xc4
                    0x00c4                  _IPC16 = 0xc4
                    0x00c4                  _IPC16bits = 0xc4
                    0x00c8                  IPC18 = 0xc8
                    0x00c8                  _IPC18 = 0xc8
                    0x00c8                  _IPC18bits = 0xc8
                    0x00ca                  IPC19 = 0xca
                    0x00ca                  _IPC19 = 0xca
                    0x00ca                  _IPC19bits = 0xca
                    0x00ce                  IPC21 = 0xce
                    0x00ce                  _IPC21 = 0xce
                    0x00ce                  _IPC21bits = 0xce
                    0x00e0                  INTTREG = 0xe0
                    0x00e0                  _INTTREG = 0xe0
                    0x00e0                  _INTTREGbits = 0xe0
                    0x0100                  TMR1 = 0x100
                    0x0100                  _TMR1 = 0x100
                    0x0102                  PR1 = 0x102
                    0x0102                  _PR1 = 0x102
                    0x0104                  T1CON = 0x104
                    0x0104                  _T1CON = 0x104
                    0x0104                  _T1CONbits = 0x104
                    0x0106                  TMR2 = 0x106
                    0x0106                  _TMR2 = 0x106
                    0x0108                  TMR3HLD = 0x108
                    0x0108                  _TMR3HLD = 0x108
                    0x010a                  TMR3 = 0x10a
                    0x010a                  _TMR3 = 0x10a
                    0x010c                  PR2 = 0x10c
                    0x010c                  _PR2 = 0x10c
                    0x010e                  PR3 = 0x10e
                    0x010e                  _PR3 = 0x10e
                    0x0110                  T2CON = 0x110
                    0x0110                  _T2CON = 0x110
                    0x0110                  _T2CONbits = 0x110
                    0x0112                  T3CON = 0x112
                    0x0112                  _T3CON = 0x112
                    0x0112                  _T3CONbits = 0x112
                    0x0114                  TMR4 = 0x114
                    0x0114                  _TMR4 = 0x114
                    0x0116                  TMR5HLD = 0x116
                    0x0116                  _TMR5HLD = 0x116
                    0x0118                  TMR5 = 0x118
                    0x0118                  _TMR5 = 0x118
                    0x011a                  PR4 = 0x11a
                    0x011a                  _PR4 = 0x11a
                    0x011c                  PR5 = 0x11c
                    0x011c                  _PR5 = 0x11c
                    0x011e                  T4CON = 0x11e
                    0x011e                  _T4CON = 0x11e
                    0x011e                  _T4CONbits = 0x11e
                    0x0120                  T5CON = 0x120
                    0x0120                  _T5CON = 0x120
                    0x0120                  _T5CONbits = 0x120
                    0x0140                  IC1CON1 = 0x140
                    0x0140                  _IC1CON1 = 0x140
                    0x0140                  _IC1CON1bits = 0x140
                    0x0142                  IC1CON2 = 0x142
                    0x0142                  _IC1CON2 = 0x142
                    0x0142                  _IC1CON2bits = 0x142
                    0x0144                  IC1BUF = 0x144
                    0x0144                  _IC1BUF = 0x144
                    0x0146                  IC1TMR = 0x146
                    0x0146                  _IC1TMR = 0x146
                    0x0148                  IC2CON1 = 0x148
                    0x0148                  _IC2CON1 = 0x148
                    0x0148                  _IC2CON1bits = 0x148
                    0x014a                  IC2CON2 = 0x14a
                    0x014a                  _IC2CON2 = 0x14a
                    0x014a                  _IC2CON2bits = 0x14a
                    0x014c                  IC2BUF = 0x14c
                    0x014c                  _IC2BUF = 0x14c
                    0x014e                  IC2TMR = 0x14e
                    0x014e                  _IC2TMR = 0x14e
                    0x0150                  IC3CON1 = 0x150
                    0x0150                  _IC3CON1 = 0x150
                    0x0150                  _IC3CON1bits = 0x150
                    0x0152                  IC3CON2 = 0x152
                    0x0152                  _IC3CON2 = 0x152
                    0x0152                  _IC3CON2bits = 0x152
                    0x0154                  IC3BUF = 0x154
                    0x0154                  _IC3BUF = 0x154
                    0x0156                  IC3TMR = 0x156
                    0x0156                  _IC3TMR = 0x156
                    0x0158                  IC4CON1 = 0x158
                    0x0158                  _IC4CON1 = 0x158
                    0x0158                  _IC4CON1bits = 0x158
                    0x015a                  IC4CON2 = 0x15a
                    0x015a                  _IC4CON2 = 0x15a
                    0x015a                  _IC4CON2bits = 0x15a
                    0x015c                  IC4BUF = 0x15c
                    0x015c                  _IC4BUF = 0x15c
                    0x015e                  IC4TMR = 0x15e
                    0x015e                  _IC4TMR = 0x15e
                    0x0160                  IC5CON1 = 0x160
                    0x0160                  _IC5CON1 = 0x160
                    0x0160                  _IC5CON1bits = 0x160
                    0x0162                  IC5CON2 = 0x162
                    0x0162                  _IC5CON2 = 0x162
                    0x0162                  _IC5CON2bits = 0x162
                    0x0164                  IC5BUF = 0x164
                    0x0164                  _IC5BUF = 0x164
                    0x0166                  IC5TMR = 0x166
                    0x0166                  _IC5TMR = 0x166
                    0x0190                  OC1CON1 = 0x190
                    0x0190                  _OC1CON1 = 0x190
                    0x0190                  _OC1CON1bits = 0x190
                    0x0192                  OC1CON2 = 0x192
                    0x0192                  _OC1CON2 = 0x192
                    0x0192                  _OC1CON2bits = 0x192
                    0x0194                  OC1RS = 0x194
                    0x0194                  _OC1RS = 0x194
                    0x0196                  OC1R = 0x196
                    0x0196                  _OC1R = 0x196
                    0x0198                  OC1TMR = 0x198
                    0x0198                  _OC1TMR = 0x198
                    0x019a                  OC2CON1 = 0x19a
                    0x019a                  _OC2CON1 = 0x19a
                    0x019a                  _OC2CON1bits = 0x19a
                    0x019c                  OC2CON2 = 0x19c
                    0x019c                  _OC2CON2 = 0x19c
                    0x019c                  _OC2CON2bits = 0x19c
                    0x019e                  OC2RS = 0x19e
                    0x019e                  _OC2RS = 0x19e
                    0x01a0                  OC2R = 0x1a0
                    0x01a0                  _OC2R = 0x1a0
                    0x01a2                  OC2TMR = 0x1a2
                    0x01a2                  _OC2TMR = 0x1a2
                    0x01a4                  OC3CON1 = 0x1a4
                    0x01a4                  _OC3CON1 = 0x1a4
                    0x01a4                  _OC3CON1bits = 0x1a4
                    0x01a6                  OC3CON2 = 0x1a6
                    0x01a6                  _OC3CON2 = 0x1a6
                    0x01a6                  _OC3CON2bits = 0x1a6
                    0x01a8                  OC3RS = 0x1a8
                    0x01a8                  _OC3RS = 0x1a8
                    0x01aa                  OC3R = 0x1aa
                    0x01aa                  _OC3R = 0x1aa
                    0x01ac                  OC3TMR = 0x1ac
                    0x01ac                  _OC3TMR = 0x1ac
                    0x01ae                  OC4CON1 = 0x1ae
                    0x01ae                  _OC4CON1 = 0x1ae
                    0x01ae                  _OC4CON1bits = 0x1ae
                    0x01b0                  OC4CON2 = 0x1b0
                    0x01b0                  _OC4CON2 = 0x1b0
                    0x01b0                  _OC4CON2bits = 0x1b0
                    0x01b2                  OC4RS = 0x1b2
                    0x01b2                  _OC4RS = 0x1b2
                    0x01b4                  OC4R = 0x1b4
                    0x01b4                  _OC4R = 0x1b4
                    0x01b6                  OC4TMR = 0x1b6
                    0x01b6                  _OC4TMR = 0x1b6
                    0x01b8                  OC5CON1 = 0x1b8
                    0x01b8                  _OC5CON1 = 0x1b8
                    0x01b8                  _OC5CON1bits = 0x1b8
                    0x01ba                  OC5CON2 = 0x1ba
                    0x01ba                  _OC5CON2 = 0x1ba
                    0x01ba                  _OC5CON2bits = 0x1ba
                    0x01bc                  OC5RS = 0x1bc
                    0x01bc                  _OC5RS = 0x1bc
                    0x01be                  OC5R = 0x1be
                    0x01be                  _OC5R = 0x1be
                    0x01c0                  OC5TMR = 0x1c0
                    0x01c0                  _OC5TMR = 0x1c0
                    0x0200                  I2C1RCV = 0x200
                    0x0200                  _I2C1RCV = 0x200
                    0x0202                  I2C1TRN = 0x202
                    0x0202                  _I2C1TRN = 0x202
                    0x0204                  I2C1BRG = 0x204
                    0x0204                  _I2C1BRG = 0x204
                    0x0206                  I2C1CON = 0x206
                    0x0206                  _I2C1CON = 0x206
                    0x0206                  _I2C1CONbits = 0x206
                    0x0208                  I2C1STAT = 0x208
                    0x0208                  _I2C1STAT = 0x208
                    0x0208                  _I2C1STATbits = 0x208
                    0x020a                  I2C1ADD = 0x20a
                    0x020a                  _I2C1ADD = 0x20a
                    0x020c                  I2C1MSK = 0x20c
                    0x020c                  _I2C1MSK = 0x20c
                    0x0210                  I2C2RCV = 0x210
                    0x0210                  _I2C2RCV = 0x210
                    0x0212                  I2C2TRN = 0x212
                    0x0212                  _I2C2TRN = 0x212
                    0x0214                  I2C2BRG = 0x214
                    0x0214                  _I2C2BRG = 0x214
                    0x0216                  I2C2CON = 0x216
                    0x0216                  _I2C2CON = 0x216
                    0x0216                  _I2C2CONbits = 0x216
                    0x0218                  I2C2STAT = 0x218
                    0x0218                  _I2C2STAT = 0x218
                    0x0218                  _I2C2STATbits = 0x218
                    0x021a                  I2C2ADD = 0x21a
                    0x021a                  _I2C2ADD = 0x21a
                    0x021c                  I2C2MSK = 0x21c
                    0x021c                  _I2C2MSK = 0x21c
                    0x0220                  U1MODE = 0x220
                    0x0220                  _U1MODE = 0x220
                    0x0220                  _U1MODEbits = 0x220
                    0x0222                  U1STA = 0x222
                    0x0222                  _U1STA = 0x222
                    0x0222                  _U1STAbits = 0x222
                    0x0224                  U1TXREG = 0x224
                    0x0224                  _U1TXREG = 0x224
                    0x0224                  _U1TXREGbits = 0x224
                    0x0226                  U1RXREG = 0x226
                    0x0226                  _U1RXREG = 0x226
                    0x0226                  _U1RXREGbits = 0x226
                    0x0228                  U1BRG = 0x228
                    0x0228                  _U1BRG = 0x228
                    0x0230                  U2MODE = 0x230
                    0x0230                  _U2MODE = 0x230
                    0x0230                  _U2MODEbits = 0x230
                    0x0232                  U2STA = 0x232
                    0x0232                  _U2STA = 0x232
                    0x0232                  _U2STAbits = 0x232
                    0x0234                  U2TXREG = 0x234
                    0x0234                  _U2TXREG = 0x234
                    0x0234                  _U2TXREGbits = 0x234
                    0x0236                  U2RXREG = 0x236
                    0x0236                  _U2RXREG = 0x236
                    0x0236                  _U2RXREGbits = 0x236
                    0x0238                  U2BRG = 0x238
                    0x0238                  _U2BRG = 0x238
                    0x0240                  SPI1STAT = 0x240
                    0x0240                  _SPI1STAT = 0x240
                    0x0240                  _SPI1STATbits = 0x240
                    0x0242                  SPI1CON1 = 0x242
                    0x0242                  _SPI1CON1 = 0x242
                    0x0242                  _SPI1CON1bits = 0x242
                    0x0244                  SPI1CON2 = 0x244
                    0x0244                  _SPI1CON2 = 0x244
                    0x0244                  _SPI1CON2bits = 0x244
                    0x0248                  SPI1BUF = 0x248
                    0x0248                  _SPI1BUF = 0x248
                    0x0260                  SPI2STAT = 0x260
                    0x0260                  _SPI2STAT = 0x260
                    0x0260                  _SPI2STATbits = 0x260
                    0x0262                  SPI2CON1 = 0x262
                    0x0262                  _SPI2CON1 = 0x262
                    0x0262                  _SPI2CON1bits = 0x262
                    0x0264                  SPI2CON2 = 0x264
                    0x0264                  _SPI2CON2 = 0x264
                    0x0264                  _SPI2CON2bits = 0x264
                    0x0268                  SPI2BUF = 0x268
                    0x0268                  _SPI2BUF = 0x268
                    0x02c0                  TRISA = 0x2c0
                    0x02c0                  _TRISA = 0x2c0
                    0x02c0                  _TRISAbits = 0x2c0
                    0x02c2                  PORTA = 0x2c2
                    0x02c2                  _PORTA = 0x2c2
                    0x02c2                  _PORTAbits = 0x2c2
                    0x02c4                  LATA = 0x2c4
                    0x02c4                  _LATA = 0x2c4
                    0x02c4                  _LATAbits = 0x2c4
                    0x02c6                  ODCA = 0x2c6
                    0x02c6                  _ODCA = 0x2c6
                    0x02c6                  _ODCAbits = 0x2c6
                    0x02c8                  TRISB = 0x2c8
                    0x02c8                  _TRISB = 0x2c8
                    0x02c8                  _TRISBbits = 0x2c8
                    0x02ca                  PORTB = 0x2ca
                    0x02ca                  _PORTB = 0x2ca
                    0x02ca                  _PORTBbits = 0x2ca
                    0x02cc                  LATB = 0x2cc
                    0x02cc                  _LATB = 0x2cc
                    0x02cc                  _LATBbits = 0x2cc
                    0x02ce                  ODCB = 0x2ce
                    0x02ce                  _ODCB = 0x2ce
                    0x02ce                  _ODCBbits = 0x2ce
                    0x02fc                  PADCFG1 = 0x2fc
                    0x02fc                  _PADCFG1 = 0x2fc
                    0x02fc                  _PADCFG1bits = 0x2fc
                    0x0300                  ADC1BUF0 = 0x300
                    0x0300                  _ADC1BUF0 = 0x300
                    0x0302                  ADC1BUF1 = 0x302
                    0x0302                  _ADC1BUF1 = 0x302
                    0x0304                  ADC1BUF2 = 0x304
                    0x0304                  _ADC1BUF2 = 0x304
                    0x0306                  ADC1BUF3 = 0x306
                    0x0306                  _ADC1BUF3 = 0x306
                    0x0308                  ADC1BUF4 = 0x308
                    0x0308                  _ADC1BUF4 = 0x308
                    0x030a                  ADC1BUF5 = 0x30a
                    0x030a                  _ADC1BUF5 = 0x30a
                    0x030c                  ADC1BUF6 = 0x30c
                    0x030c                  _ADC1BUF6 = 0x30c
                    0x030e                  ADC1BUF7 = 0x30e
                    0x030e                  _ADC1BUF7 = 0x30e
                    0x0310                  ADC1BUF8 = 0x310
                    0x0310                  _ADC1BUF8 = 0x310
                    0x0312                  ADC1BUF9 = 0x312
                    0x0312                  _ADC1BUF9 = 0x312
                    0x0314                  ADC1BUFA = 0x314
                    0x0314                  _ADC1BUFA = 0x314
                    0x0316                  ADC1BUFB = 0x316
                    0x0316                  _ADC1BUFB = 0x316
                    0x0318                  ADC1BUFC = 0x318
                    0x0318                  _ADC1BUFC = 0x318
                    0x031a                  ADC1BUFD = 0x31a
                    0x031a                  _ADC1BUFD = 0x31a
                    0x031c                  ADC1BUFE = 0x31c
                    0x031c                  _ADC1BUFE = 0x31c
                    0x031e                  ADC1BUFF = 0x31e
                    0x031e                  _ADC1BUFF = 0x31e
                    0x0320                  AD1CON1 = 0x320
                    0x0320                  _AD1CON1 = 0x320
                    0x0320                  _AD1CON1bits = 0x320
                    0x0322                  AD1CON2 = 0x322
                    0x0322                  _AD1CON2 = 0x322
                    0x0322                  _AD1CON2bits = 0x322
                    0x0324                  AD1CON3 = 0x324
                    0x0324                  _AD1CON3 = 0x324
                    0x0324                  _AD1CON3bits = 0x324
                    0x0328                  AD1CHS = 0x328
                    0x0328                  _AD1CHS = 0x328
                    0x0328                  _AD1CHSbits = 0x328
                    0x0328                  AD1CHS0 = 0x328
                    0x0328                  _AD1CHS0 = 0x328
                    0x0328                  _AD1CHS0bits = 0x328
                    0x032c                  AD1PCFG = 0x32c
                    0x032c                  _AD1PCFG = 0x32c
                    0x032c                  _AD1PCFGbits = 0x32c
                    0x032c                  AD1PCFGL = 0x32c
                    0x032c                  _AD1PCFGL = 0x32c
                    0x032c                  _AD1PCFGLbits = 0x32c
                    0x0330                  AD1CSSL = 0x330
                    0x0330                  _AD1CSSL = 0x330
                    0x0330                  _AD1CSSLbits = 0x330
                    0x033c                  CTMUCON = 0x33c
                    0x033c                  _CTMUCON = 0x33c
                    0x033c                  _CTMUCONbits = 0x33c
                    0x033e                  CTMUICON = 0x33e
                    0x033e                  _CTMUICON = 0x33e
                    0x033e                  _CTMUICONbits = 0x33e
                    0x0480                  U1OTGIR = 0x480
                    0x0480                  _U1OTGIR = 0x480
                    0x0480                  _U1OTGIRbits = 0x480
                    0x0482                  U1OTGIE = 0x482
                    0x0482                  _U1OTGIE = 0x482
                    0x0482                  _U1OTGIEbits = 0x482
                    0x0484                  U1OTGSTAT = 0x484
                    0x0484                  _U1OTGSTAT = 0x484
                    0x0484                  _U1OTGSTATbits = 0x484
                    0x0486                  U1OTGCON = 0x486
                    0x0486                  _U1OTGCON = 0x486
                    0x0486                  _U1OTGCONbits = 0x486
                    0x0488                  U1PWRC = 0x488
                    0x0488                  _U1PWRC = 0x488
                    0x0488                  _U1PWRCbits = 0x488
                    0x048a                  U1IR = 0x48a
                    0x048a                  _U1IR = 0x48a
                    0x048a                  _U1IRbits = 0x48a
                    0x048c                  U1IE = 0x48c
                    0x048c                  _U1IE = 0x48c
                    0x048c                  _U1IEbits = 0x48c
                    0x048e                  U1EIR = 0x48e
                    0x048e                  _U1EIR = 0x48e
                    0x048e                  _U1EIRbits = 0x48e
                    0x0490                  U1EIE = 0x490
                    0x0490                  _U1EIE = 0x490
                    0x0490                  _U1EIEbits = 0x490
                    0x0492                  U1STAT = 0x492
                    0x0492                  _U1STAT = 0x492
                    0x0492                  _U1STATbits = 0x492
                    0x0494                  U1CON = 0x494
                    0x0494                  _U1CON = 0x494
                    0x0494                  _U1CONbits = 0x494
                    0x0496                  U1ADDR = 0x496
                    0x0496                  _U1ADDR = 0x496
                    0x0496                  _U1ADDRbits = 0x496
                    0x0498                  U1BDTP1 = 0x498
                    0x0498                  _U1BDTP1 = 0x498
                    0x0498                  _U1BDTP1bits = 0x498
                    0x049a                  U1FRML = 0x49a
                    0x049a                  _U1FRML = 0x49a
                    0x049a                  _U1FRMLbits = 0x49a
                    0x049c                  U1FRMH = 0x49c
                    0x049c                  _U1FRMH = 0x49c
                    0x049c                  _U1FRMHbits = 0x49c
                    0x049e                  U1TOK = 0x49e
                    0x049e                  _U1TOK = 0x49e
                    0x049e                  _U1TOKbits = 0x49e
                    0x04a0                  U1SOF = 0x4a0
                    0x04a0                  _U1SOF = 0x4a0
                    0x04a0                  _U1SOFbits = 0x4a0
                    0x04a6                  U1CNFG1 = 0x4a6
                    0x04a6                  _U1CNFG1 = 0x4a6
                    0x04a6                  _U1CNFG1bits = 0x4a6
                    0x04a8                  U1CNFG2 = 0x4a8
                    0x04a8                  _U1CNFG2 = 0x4a8
                    0x04a8                  _U1CNFG2bits = 0x4a8
                    0x04aa                  U1EP0 = 0x4aa
                    0x04aa                  _U1EP0 = 0x4aa
                    0x04aa                  _U1EP0bits = 0x4aa
                    0x04ac                  U1EP1 = 0x4ac
                    0x04ac                  _U1EP1 = 0x4ac
                    0x04ac                  _U1EP1bits = 0x4ac
                    0x04ae                  U1EP2 = 0x4ae
                    0x04ae                  _U1EP2 = 0x4ae
                    0x04ae                  _U1EP2bits = 0x4ae
                    0x04b0                  U1EP3 = 0x4b0
                    0x04b0                  _U1EP3 = 0x4b0
                    0x04b0                  _U1EP3bits = 0x4b0
                    0x04b2                  U1EP4 = 0x4b2
                    0x04b2                  _U1EP4 = 0x4b2
                    0x04b2                  _U1EP4bits = 0x4b2
                    0x04b4                  U1EP5 = 0x4b4
                    0x04b4                  _U1EP5 = 0x4b4
                    0x04b4                  _U1EP5bits = 0x4b4
                    0x04b6                  U1EP6 = 0x4b6
                    0x04b6                  _U1EP6 = 0x4b6
                    0x04b6                  _U1EP6bits = 0x4b6
                    0x04b8                  U1EP7 = 0x4b8
                    0x04b8                  _U1EP7 = 0x4b8
                    0x04b8                  _U1EP7bits = 0x4b8
                    0x04ba                  U1EP8 = 0x4ba
                    0x04ba                  _U1EP8 = 0x4ba
                    0x04ba                  _U1EP8bits = 0x4ba
                    0x04bc                  U1EP9 = 0x4bc
                    0x04bc                  _U1EP9 = 0x4bc
                    0x04bc                  _U1EP9bits = 0x4bc
                    0x04be                  U1EP10 = 0x4be
                    0x04be                  _U1EP10 = 0x4be
                    0x04be                  _U1EP10bits = 0x4be
                    0x04c0                  U1EP11 = 0x4c0
                    0x04c0                  _U1EP11 = 0x4c0
                    0x04c0                  _U1EP11bits = 0x4c0
                    0x04c2                  U1EP12 = 0x4c2
                    0x04c2                  _U1EP12 = 0x4c2
                    0x04c2                  _U1EP12bits = 0x4c2
                    0x04c4                  U1EP13 = 0x4c4
                    0x04c4                  _U1EP13 = 0x4c4
                    0x04c4                  _U1EP13bits = 0x4c4
                    0x04c6                  U1EP14 = 0x4c6
                    0x04c6                  _U1EP14 = 0x4c6
                    0x04c6                  _U1EP14bits = 0x4c6
                    0x04c8                  U1EP15 = 0x4c8
                    0x04c8                  _U1EP15 = 0x4c8
                    0x04c8                  _U1EP15bits = 0x4c8
                    0x04cc                  U1PWMRRS = 0x4cc
                    0x04cc                  _U1PWMRRS = 0x4cc
                    0x04cc                  _U1PWMRRSbits = 0x4cc
                    0x04ce                  U1PWMCON = 0x4ce
                    0x04ce                  _U1PWMCON = 0x4ce
                    0x04ce                  _U1PWMCONbits = 0x4ce
                    0x0600                  PMCON = 0x600
                    0x0600                  _PMCON = 0x600
                    0x0600                  _PMCONbits = 0x600
                    0x0602                  PMMODE = 0x602
                    0x0602                  _PMMODE = 0x602
                    0x0602                  _PMMODEbits = 0x602
                    0x0604                  PMADDR = 0x604
                    0x0604                  _PMADDR = 0x604
                    0x0604                  _PMADDRbits = 0x604
                    0x0604                  PMDOUT1 = 0x604
                    0x0604                  _PMDOUT1 = 0x604
                    0x0604                  _PMDOUT1bits = 0x604
                    0x0606                  PMDOUT2 = 0x606
                    0x0606                  _PMDOUT2 = 0x606
                    0x0608                  PMDIN1 = 0x608
                    0x0608                  _PMDIN1 = 0x608
                    0x060a                  PMDIN2 = 0x60a
                    0x060a                  _PMDIN2 = 0x60a
                    0x060c                  PMAEN = 0x60c
                    0x060c                  _PMAEN = 0x60c
                    0x060c                  _PMAENbits = 0x60c
                    0x060e                  PMSTAT = 0x60e
                    0x060e                  _PMSTAT = 0x60e
                    0x060e                  _PMSTATbits = 0x60e
                    0x0620                  ALRMVAL = 0x620
                    0x0620                  _ALRMVAL = 0x620
                    0x0622                  ALCFGRPT = 0x622
                    0x0622                  _ALCFGRPT = 0x622
                    0x0622                  _ALCFGRPTbits = 0x622
                    0x0624                  RTCVAL = 0x624
                    0x0624                  _RTCVAL = 0x624
                    0x0626                  RCFGCAL = 0x626
                    0x0626                  _RCFGCAL = 0x626
                    0x0626                  _RCFGCALbits = 0x626
                    0x0640                  CRCCON = 0x640
                    0x0640                  _CRCCON = 0x640
                    0x0640                  _CRCCONbits = 0x640
                    0x0640                  CRCCON1 = 0x640
                    0x0640                  _CRCCON1 = 0x640
                    0x0640                  _CRCCON1bits = 0x640
                    0x0642                  CRCCON2 = 0x642
                    0x0642                  _CRCCON2 = 0x642
                    0x0642                  _CRCCON2bits = 0x642
                    0x0644                  CRCXOR = 0x644
                    0x0644                  _CRCXOR = 0x644
                    0x0644                  _CRCXORbits = 0x644
                    0x0644                  CRCXORL = 0x644
                    0x0644                  _CRCXORL = 0x644
                    0x0644                  _CRCXORLbits = 0x644
                    0x0646                  CRCXORH = 0x646
                    0x0646                  _CRCXORH = 0x646
                    0x0646                  _CRCXORHbits = 0x646
                    0x0648                  CRCDAT = 0x648
                    0x0648                  _CRCDAT = 0x648
                    0x0648                  CRCDAT32 = 0x648
                    0x0648                  _CRCDAT32 = 0x648
                    0x0648                  CRCDAT8 = 0x648
                    0x0648                  _CRCDAT8 = 0x648
                    0x0648                  CRCDATL = 0x648
                    0x0648                  _CRCDATL = 0x648
                    0x064a                  CRCDATH = 0x64a
                    0x064a                  _CRCDATH = 0x64a
                    0x064c                  CRCWDAT = 0x64c
                    0x064c                  _CRCWDAT = 0x64c
                    0x064c                  CRCWDATL = 0x64c
                    0x064c                  _CRCWDATL = 0x64c
                    0x064e                  CRCWDATH = 0x64e
                    0x064e                  _CRCWDATH = 0x64e
                    0x0650                  CMSTAT = 0x650
                    0x0650                  _CMSTAT = 0x650
                    0x0650                  _CMSTATbits = 0x650
                    0x0652                  CVRCON = 0x652
                    0x0652                  _CVRCON = 0x652
                    0x0652                  _CVRCONbits = 0x652
                    0x0654                  CM1CON = 0x654
                    0x0654                  _CM1CON = 0x654
                    0x0654                  _CM1CONbits = 0x654
                    0x065c                  CM2CON = 0x65c
                    0x065c                  _CM2CON = 0x65c
                    0x065c                  _CM2CONbits = 0x65c
                    0x0664                  CM3CON = 0x664
                    0x0664                  _CM3CON = 0x664
                    0x0664                  _CM3CONbits = 0x664
                    0x0680                  RPINR0 = 0x680
                    0x0680                  _RPINR0 = 0x680
                    0x0680                  _RPINR0bits = 0x680
                    0x0682                  RPINR1 = 0x682
                    0x0682                  _RPINR1 = 0x682
                    0x0682                  _RPINR1bits = 0x682
                    0x0686                  RPINR3 = 0x686
                    0x0686                  _RPINR3 = 0x686
                    0x0686                  _RPINR3bits = 0x686
                    0x0688                  RPINR4 = 0x688
                    0x0688                  _RPINR4 = 0x688
                    0x0688                  _RPINR4bits = 0x688
                    0x068e                  RPINR7 = 0x68e
                    0x068e                  _RPINR7 = 0x68e
                    0x068e                  _RPINR7bits = 0x68e
                    0x0690                  RPINR8 = 0x690
                    0x0690                  _RPINR8 = 0x690
                    0x0690                  _RPINR8bits = 0x690
                    0x0692                  RPINR9 = 0x692
                    0x0692                  _RPINR9 = 0x692
                    0x0692                  _RPINR9bits = 0x692
                    0x0696                  RPINR11 = 0x696
                    0x0696                  _RPINR11 = 0x696
                    0x0696                  _RPINR11bits = 0x696
                    0x06a4                  RPINR18 = 0x6a4
                    0x06a4                  _RPINR18 = 0x6a4
                    0x06a4                  _RPINR18bits = 0x6a4
                    0x06a6                  RPINR19 = 0x6a6
                    0x06a6                  _RPINR19 = 0x6a6
                    0x06a6                  _RPINR19bits = 0x6a6
                    0x06a8                  RPINR20 = 0x6a8
                    0x06a8                  _RPINR20 = 0x6a8
                    0x06a8                  _RPINR20bits = 0x6a8
                    0x06aa                  RPINR21 = 0x6aa
                    0x06aa                  _RPINR21 = 0x6aa
                    0x06aa                  _RPINR21bits = 0x6aa
                    0x06ac                  RPINR22 = 0x6ac
                    0x06ac                  _RPINR22 = 0x6ac
                    0x06ac                  _RPINR22bits = 0x6ac
                    0x06ae                  RPINR23 = 0x6ae
                    0x06ae                  _RPINR23 = 0x6ae
                    0x06ae                  _RPINR23bits = 0x6ae
                    0x06c0                  RPOR0 = 0x6c0
                    0x06c0                  _RPOR0 = 0x6c0
                    0x06c0                  _RPOR0bits = 0x6c0
                    0x06c2                  RPOR1 = 0x6c2
                    0x06c2                  _RPOR1 = 0x6c2
                    0x06c2                  _RPOR1bits = 0x6c2
                    0x06c4                  RPOR2 = 0x6c4
                    0x06c4                  _RPOR2 = 0x6c4
                    0x06c4                  _RPOR2bits = 0x6c4
                    0x06c6                  RPOR3 = 0x6c6
                    0x06c6                  _RPOR3 = 0x6c6
                    0x06c6                  _RPOR3bits = 0x6c6
                    0x06c8                  RPOR4 = 0x6c8
                    0x06c8                  _RPOR4 = 0x6c8
                    0x06c8                  _RPOR4bits = 0x6c8
                    0x06ca                  RPOR5 = 0x6ca
                    0x06ca                  _RPOR5 = 0x6ca
                    0x06ca                  _RPOR5bits = 0x6ca
                    0x06cc                  RPOR6 = 0x6cc
                    0x06cc                  _RPOR6 = 0x6cc
                    0x06cc                  _RPOR6bits = 0x6cc
                    0x06ce                  RPOR7 = 0x6ce
                    0x06ce                  _RPOR7 = 0x6ce
                    0x06ce                  _RPOR7bits = 0x6ce
                    0x0740                  RCON = 0x740
                    0x0740                  _RCON = 0x740
                    0x0740                  _RCONbits = 0x740
                    0x0742                  OSCCON = 0x742
                    0x0742                  _OSCCON = 0x742
                    0x0742                  _OSCCONbits = 0x742
                    0x0742                  OSCCONL = 0x742
                    0x0742                  _OSCCONL = 0x742
                    0x0743                  OSCCONH = 0x743
                    0x0743                  _OSCCONH = 0x743
                    0x0744                  CLKDIV = 0x744
                    0x0744                  _CLKDIV = 0x744
                    0x0744                  _CLKDIVbits = 0x744
                    0x0748                  OSCTUN = 0x748
                    0x0748                  _OSCTUN = 0x748
                    0x0748                  _OSCTUNbits = 0x748
                    0x074e                  REFOCON = 0x74e
                    0x074e                  _REFOCON = 0x74e
                    0x074e                  _REFOCONbits = 0x74e
                    0x0758                  DSCON = 0x758
                    0x0758                  _DSCON = 0x758
                    0x0758                  _DSCONbits = 0x758
                    0x075a                  DSWAKE = 0x75a
                    0x075a                  _DSWAKE = 0x75a
                    0x075a                  _DSWAKEbits = 0x75a
                    0x075c                  DSGPR0 = 0x75c
                    0x075c                  _DSGPR0 = 0x75c
                    0x075c                  _DSGPR0bits = 0x75c
                    0x075e                  DSGPR1 = 0x75e
                    0x075e                  _DSGPR1 = 0x75e
                    0x075e                  _DSGPR1bits = 0x75e
                    0x0760                  NVMCON = 0x760
                    0x0760                  _NVMCON = 0x760
                    0x0760                  _NVMCONbits = 0x760
                    0x0766                  NVMKEY = 0x766
                    0x0766                  _NVMKEY = 0x766
                    0x0770                  PMD1 = 0x770
                    0x0770                  _PMD1 = 0x770
                    0x0770                  _PMD1bits = 0x770
                    0x0772                  PMD2 = 0x772
                    0x0772                  _PMD2 = 0x772
                    0x0772                  _PMD2bits = 0x772
                    0x0774                  PMD3 = 0x774
                    0x0774                  _PMD3 = 0x774
                    0x0774                  _PMD3bits = 0x774
                    0x0776                  PMD4 = 0x776
                    0x0776                  _PMD4 = 0x776
                    0x0776                  _PMD4bits = 0x776
                    0x0144                  IC1 = 0x144
                    0x0144                  _IC1 = 0x144
                    0x014c                  IC2 = 0x14c
                    0x014c                  _IC2 = 0x14c
                    0x0154                  IC3 = 0x154
                    0x0154                  _IC3 = 0x154
                    0x015c                  IC4 = 0x15c
                    0x015c                  _IC4 = 0x15c
                    0x0164                  IC5 = 0x164
                    0x0164                  _IC5 = 0x164
                    0x0194                  OC1 = 0x194
                    0x0194                  _OC1 = 0x194
                    0x019e                  OC2 = 0x19e
                    0x019e                  _OC2 = 0x19e
                    0x01a8                  OC3 = 0x1a8
                    0x01a8                  _OC3 = 0x1a8
                    0x01b2                  OC4 = 0x1b2
                    0x01b2                  _OC4 = 0x1b2
                    0x01bc                  OC5 = 0x1bc
                    0x01bc                  _OC5 = 0x1bc
                    0x0240                  SPI1 = 0x240
                    0x0240                  _SPI1 = 0x240
                    0x0260                  SPI2 = 0x260
                    0x0260                  _SPI2 = 0x260
                    0x0220                  UART1 = 0x220
                    0x0220                  _UART1 = 0x220
                    0x0230                  UART2 = 0x230
                    0x0230                  _UART2 = 0x230
START GROUP
LOAD c:/program files (x86)/microchip/xc16/v1.40/bin/bin/../../lib\liblega-pic30-elf.a
LOAD c:/program files (x86)/microchip/xc16/v1.40/bin/bin/../../lib\libm-elf.a
LOAD c:/program files (x86)/microchip/xc16/v1.40/bin/bin/../../lib\liblega-c-elf.a
END GROUP
OUTPUT(dist/default/production/PIC24_FieldShapeBox2_20200109.X.production.elf elf32-pic30)
LOAD default_isr
LOAD data_init

.debug_pubtypes
                  0x000180        0x966
 .debug_pubtypes
                  0x000180         0xe3 build/default/production/mcc_generated_files/pin_manager.o
 .debug_pubtypes
                  0x000263         0x4e build/default/production/mcc_generated_files/traps.o
 .debug_pubtypes
                  0x0002b1         0xec build/default/production/mcc_generated_files/interrupt_manager.o
 .debug_pubtypes
                  0x00039d         0x2b build/default/production/mcc_generated_files/mcc.o
 .debug_pubtypes
                  0x0003c8        0x113 build/default/production/mcc_generated_files/uart1.o
 .debug_pubtypes
                  0x0004db        0x113 build/default/production/mcc_generated_files/uart2.o
 .debug_pubtypes
                  0x0005ee         0xa4 build/default/production/mcc_generated_files/tmr1.o
 .debug_pubtypes
                  0x000692         0xa4 build/default/production/mcc_generated_files/tmr2.o
 .debug_pubtypes
                  0x000736         0x82 build/default/production/mcc_generated_files/ic1.o
 .debug_pubtypes
                  0x0007b8        0x13c build/default/production/mcc_generated_files/i2c1.o
 .debug_pubtypes
                  0x0008f4         0xa3 build/default/production/main.o
 .debug_pubtypes
                  0x000997         0x2b build/default/production/XBee_Command.o
 .debug_pubtypes
                  0x0009c2         0x2b build/default/production/RTCM_Recv.o
 .debug_pubtypes
                  0x0009ed         0x43 build/default/production/FieldShape.o
 .debug_pubtypes
                  0x000a30         0x5d build/default/production/switch.o
 .debug_pubtypes
                  0x000a8d         0x59 build/default/production/led.o

__c30_signature
                  0x000ae6         0x78
 __c30_signature
                  0x000ae6          0x6 build/default/production/mcc_generated_files/pin_manager.o
 __c30_signature
                  0x000aec          0x6 build/default/production/mcc_generated_files/traps.o
 __c30_signature
                  0x000af2          0x6 build/default/production/mcc_generated_files/interrupt_manager.o
 __c30_signature
                  0x000af8          0x6 build/default/production/mcc_generated_files/mcc.o
 __c30_signature
                  0x000afe          0x6 build/default/production/mcc_generated_files/uart1.o
 __c30_signature
                  0x000b04          0x6 build/default/production/mcc_generated_files/uart2.o
 __c30_signature
                  0x000b0a          0x6 build/default/production/mcc_generated_files/tmr1.o
 __c30_signature
                  0x000b10          0x6 build/default/production/mcc_generated_files/tmr2.o
 __c30_signature
                  0x000b16          0x6 build/default/production/mcc_generated_files/ic1.o
 __c30_signature
                  0x000b1c          0x6 build/default/production/mcc_generated_files/i2c1.o
 __c30_signature
                  0x000b22          0x6 build/default/production/main.o
 __c30_signature
                  0x000b28          0x6 build/default/production/XBee_Command.o
 __c30_signature
                  0x000b2e          0x6 build/default/production/RTCM_Recv.o
 __c30_signature
                  0x000b34          0x6 build/default/production/FieldShape.o
 __c30_signature
                  0x000b3a          0x6 build/default/production/switch.o
 __c30_signature
                  0x000b40          0x6 build/default/production/led.o
 __c30_signature
                  0x000b46          0x6 c:/program files (x86)/microchip/xc16/v1.40/bin/bin/../../lib\liblega-pic30-elf.a(crt0_standard.o)
 __c30_signature
                  0x000b4c          0x6 c:/program files (x86)/microchip/xc16/v1.40/bin/bin/../../lib\liblega-pic30-elf.a(data_init_standard.o)
 __c30_signature
                  0x000b52          0x6 c:/program files (x86)/microchip/xc16/v1.40/bin/bin/../../lib\liblega-pic30-elf.a(delay32.Leo)
 __c30_signature
                  0x000b58          0x6 c:/program files (x86)/microchip/xc16/v1.40/bin/bin/../../lib\liblega-c-elf.a(memcpy.XX_eo)

.nbss               0x0800         0x32
 .nbss              0x0800         0x18 build/default/production/mcc_generated_files/i2c1.o
 .nbss              0x0818          0xa build/default/production/main.o
 .nbss              0x0822          0x6 build/default/production/XBee_Command.o
 .nbss              0x0828          0x6 build/default/production/led.o
                    0x0828                  _led_fast_blink_flag
                    0x0829                  _led_slow_blink_flag
 .nbss              0x082e          0x4 build/default/production/FieldShape.o

.ndata              0x0832          0x6
 .ndata             0x0832          0x4 build/default/production/FieldShape.o
                    0x0832                  _wd_counter_nmea
                    0x0834                  _wd_counter_rtcm
 .ndata             0x0836          0x2 build/default/production/mcc_generated_files/traps.o

.nbss               0x0838          0x4
 .nbss              0x0838          0x2 build/default/production/mcc_generated_files/ic1.o
 .nbss              0x083a          0x2 build/default/production/RTCM_Recv.o
                    0x083a                  _g_rtcm_packrecv_flag

.bss                0x083c        0x438
 .bss               0x083c        0x190 build/default/production/FieldShape.o
                    0x083c                  _g_uart1_recv_buff
                    0x0904                  _g_uart2_recv_buff
 .bss               0x09cc        0x12a build/default/production/mcc_generated_files/uart2.o
 .bss               0x0af6        0x112 build/default/production/mcc_generated_files/uart1.o
 .bss               0x0c08         0x28 build/default/production/XBee_Command.o
 .bss               0x0c30         0x20 build/default/production/mcc_generated_files/traps.o
 .bss               0x0c50         0x12 build/default/production/mcc_generated_files/i2c1.o
 .bss               0x0c62          0x6 build/default/production/switch.o
                    0x0c62                  _sw_longpush_count
 .bss               0x0c68          0x6 build/default/production/led.o
 .bss               0x0c6e          0x2 build/default/production/mcc_generated_files/tmr1.o
 .bss               0x0c70          0x2 build/default/production/mcc_generated_files/tmr2.o
 .bss               0x0c72          0x2 build/default/production/RTCM_Recv.o
                    0x0c72                  _g_rtcm_recv_buff

.ivt._OscillatorFail
                  0x000006          0x2
 .ivt._OscillatorFail
                  0x000006          0x2 build/default/production/mcc_generated_files/traps.o

.ivt._StackError
                  0x00000a          0x2
 .ivt._StackError
                  0x00000a          0x2 build/default/production/mcc_generated_files/traps.o

.ivt._AddressError
                  0x000008          0x2
 .ivt._AddressError
                  0x000008          0x2 build/default/production/mcc_generated_files/traps.o

.ivt._MathError
                  0x00000c          0x2
 .ivt._MathError
                  0x00000c          0x2 build/default/production/mcc_generated_files/traps.o

.config_JTAGEN    0x00abfe          0x2
 .config_JTAGEN
                  0x00abfe          0x2 build/default/production/mcc_generated_files/mcc.o

.config_IESO      0x00abfc          0x2
 .config_IESO     0x00abfc          0x2 build/default/production/mcc_generated_files/mcc.o

.config_WPEND     0x00abfa          0x2
 .config_WPEND    0x00abfa          0x2 build/default/production/mcc_generated_files/mcc.o

.config_DSWDTEN
                  0x00abf8          0x2
 .config_DSWDTEN
                  0x00abf8          0x2 build/default/production/mcc_generated_files/mcc.o

.ivt._U1TXInterrupt
                  0x00002c          0x2
 .ivt._U1TXInterrupt
                  0x00002c          0x2 build/default/production/mcc_generated_files/uart1.o

.ivt._U1RXInterrupt
                  0x00002a          0x2
 .ivt._U1RXInterrupt
                  0x00002a          0x2 build/default/production/mcc_generated_files/uart1.o

.ivt._U1ErrInterrupt
                  0x000096          0x2
 .ivt._U1ErrInterrupt
                  0x000096          0x2 build/default/production/mcc_generated_files/uart1.o

.ivt._U2TXInterrupt
                  0x000052          0x2
 .ivt._U2TXInterrupt
                  0x000052          0x2 build/default/production/mcc_generated_files/uart2.o

.ivt._U2RXInterrupt
                  0x000050          0x2
 .ivt._U2RXInterrupt
                  0x000050          0x2 build/default/production/mcc_generated_files/uart2.o

.ivt._U2ErrInterrupt
                  0x000098          0x2
 .ivt._U2ErrInterrupt
                  0x000098          0x2 build/default/production/mcc_generated_files/uart2.o

.ivt._T1Interrupt
                  0x00001a          0x2
 .ivt._T1Interrupt
                  0x00001a          0x2 build/default/production/mcc_generated_files/tmr1.o

.ivt._T2Interrupt
                  0x000022          0x2
 .ivt._T2Interrupt
                  0x000022          0x2 build/default/production/mcc_generated_files/tmr2.o

.ivt._MI2C1Interrupt
                  0x000036          0x2
 .ivt._MI2C1Interrupt
                  0x000036          0x2 build/default/production/mcc_generated_files/i2c1.o

.const              0x8720          0x8 load address 0x000720  
 .const             0x8720          0x8 build/default/production/main.o

.text             0x000728       0x1178
 .text            0x000728        0x3d6 build/default/production/XBee_Command.o
                  0x000728                  _FrameID
                  0x000740                  _XBee_Command_1ms_Proc
                  0x00074c                  _XBeeAPI_GetChildrenAddr
                  0x000792                  _XBeeAPI_GetChildrenAddr_Resp
                  0x000810                  _XBeeAPI_Broadcast
                  0x0008c6                  _XBeeAPI_SendToAllChildren
                  0x000908                  _XBeeAPI_Transmit_Request
                  0x0009de                  _XBeeAPI_ATND
                  0x000a2e                  _XBee_PacketRecv_Check
                  0x000a80                  _XBee_PacketRecv
 .text            0x000afe        0x24e build/default/production/mcc_generated_files/uart1.o
                  0x000afe                  _UART1_Initialize
                  0x000b3c                  _UART1_Read
                  0x000b72                  _UART1_ReadBuffer
                  0x000ba6                  _UART1_Write
                  0x000bdc                  _UART1_WriteBuffer
                  0x000c0e                  _UART1_TransferStatusGet
                  0x000c4a                  _UART1_Peek
                  0x000c72                  _UART1_ReceiveBufferSizeGet
                  0x000ca0                  _UART1_TransmitBufferSizeGet
                  0x000cd0                  _UART1_ReceiveBufferIsEmpty
                  0x000ce8                  _UART1_TransmitBufferIsFull
                  0x000d00                  _UART1_StatusGet
                  0x000d08                  _UART1_RecvDataNum
                  0x000d36                  _UART1_ClearReadBuff
 .text            0x000d4c        0x24e build/default/production/mcc_generated_files/uart2.o
                  0x000d4c                  _UART2_Initialize
                  0x000d8a                  _UART2_Read
                  0x000dc0                  _UART2_ReadBuffer
                  0x000df4                  _UART2_Write
                  0x000e2a                  _UART2_WriteBuffer
                  0x000e5c                  _UART2_TransferStatusGet
                  0x000e98                  _UART2_Peek
                  0x000ec0                  _UART2_ReceiveBufferSizeGet
                  0x000eee                  _UART2_TransmitBufferSizeGet
                  0x000f1e                  _UART2_ReceiveBufferIsEmpty
                  0x000f36                  _UART2_TransmitBufferIsFull
                  0x000f4e                  _UART2_StatusGet
                  0x000f56                  _UART2_RecvDataNum
                  0x000f84                  _UART2_ClearReadBuff
 .text            0x000f9a        0x1e2 build/default/production/mcc_generated_files/i2c1.o
                  0x000f9a                  _I2C1_Initialize
                  0x000fd0                  _I2C1_ErrorCountGet
                  0x00101a                  _I2C1_MasterWrite
                  0x00104c                  _I2C1_MasterRead
                  0x00107e                  _I2C1_MasterTRBInsert
                  0x0010f6                  _I2C1_MasterReadTRBBuild
                  0x001126                  _I2C1_MasterWriteTRBBuild
                  0x00114a                  _I2C1_MasterQueueIsEmpty
                  0x001164                  _I2C1_MasterQueueIsFull
 .text            0x00117c        0x188 build/default/production/FieldShape.o
                  0x00117c                  _FieldShape_start
                  0x001186                  _FieldShape_Proc
                  0x001192                  _FieldShape_1ms_Proc
 .text            0x001304        0x15c build/default/production/main.o
                  0x001304                  _main
                  0x001316                  _LED_Test
                  0x00139c                  _SW_LED_Test
                  0x0013ce                  _SW_LED_Test2
                  0x0013ee                  _TMR1_CallBack
 .text            0x001460         0xec build/default/production/led.o
                  0x001460                  _set_led_status
                  0x001476                  _led_1ms_proc
                  0x001514                  _led_status_incl
 .text            0x00154c         0xe2 build/default/production/switch.o
                  0x00154c                  _sw_longpush_sts
                  0x001580                  _sw_shortpush_sts
                  0x0015ac                  _switch_1ms_proc
                  0x0015ea                  _switch_1ms_proc_sub
 .text            0x00162e         0xaa build/default/production/mcc_generated_files/ic1.o
                  0x00162e                  _IC1_Initialize
                  0x001644                  _IC1_Tasks
                  0x001654                  _IC1_Start
                  0x00166e                  _IC1_Stop
                  0x00167c                  _IC1_CaptureDataRead
                  0x001684                  _IC1_ManualTriggerSet
                  0x00168c                  _IC1_TriggerStatusGet
                  0x0016a4                  _IC1_TriggerStatusClear
                  0x0016ac                  _IC1_HasCaptureBufferOverflowed
                  0x0016c4                  _IC1_IsCaptureBufferEmpty
 .text            0x0016d8         0x9e build/default/production/mcc_generated_files/tmr1.o
                  0x0016d8                  _TMR1_Initialize
                  0x0016f2                  _TMR1_Period16BitSet
                  0x001704                  _TMR1_Period16BitGet
                  0x00170c                  _TMR1_Counter16BitSet
                  0x00171e                  _TMR1_Counter16BitGet
                  0x00172c                  _TMR1_Start
                  0x00173c                  _TMR1_Stop
                  0x001746                  _TMR1_GetElapsedThenClear
                  0x00175e                  _TMR1_SoftwareCounterGet
                  0x00176a                  _TMR1_SoftwareCounterClear
 .text            0x001776         0x9e build/default/production/mcc_generated_files/tmr2.o
                  0x001776                  _TMR2_Initialize
                  0x001790                  _TMR2_Period16BitSet
                  0x0017a2                  _TMR2_Period16BitGet
                  0x0017aa                  _TMR2_Counter16BitSet
                  0x0017bc                  _TMR2_Counter16BitGet
                  0x0017ca                  _TMR2_Start
                  0x0017da                  _TMR2_Stop
                  0x0017e4                  _TMR2_GetElapsedThenClear
                  0x0017fc                  _TMR2_SoftwareCounterGet
                  0x001808                  _TMR2_SoftwareCounterClear
 .text            0x001814         0x8c build/default/production/mcc_generated_files/pin_manager.o
                  0x001814                  _PIN_MANAGER_Initialize

.dinit            0x0018a0         0x80
 .dinit           0x0018a0         0x80 data_init

.text             0x001920         0xe2
 .text            0x001920         0x6a build/default/production/mcc_generated_files/interrupt_manager.o
                  0x001920                  _INTERRUPT_Initialize
 .text            0x00198a         0x44 build/default/production/RTCM_Recv.o
                  0x00198a                  _Recv_RTCM_Data
                  0x0019ba                  _TMR2_CallBack
                  0x0019c4                  _RTCM_PackRecv_TimerClear
 .text            0x0019ce         0x34 build/default/production/mcc_generated_files/mcc.o
                  0x0019ce                  _SYSTEM_Initialize
                  0x0019e6                  _OSCILLATOR_Initialize

.init.delay32     0x001a02         0x1c
 .init.delay32    0x001a02         0x1c c:/program files (x86)/microchip/xc16/v1.40/bin/bin/../../lib\liblega-pic30-elf.a(delay32.Leo)
                  0x001a02                  ___delay32

.text             0x001a1e         0x16
 .text            0x001a1e         0x16 build/default/production/mcc_generated_files/traps.o
                  0x001a1e                  _TRAPS_halt_on_error
